 minispy

 Timestamp is 61cbc4c7 (Tue Dec 28 18:15:35 2021)

 Preferred load address is 0000000140000000

 Start         Length     Name                   Class
 0001:00000000 00001960H .text$mn                CODE
 0001:00001960 00000040H .text$mn$00             CODE
 0001:000019a0 000000d0H .text$s                 CODE
 0001:00001a70 00000023H .text$x                 CODE
 0002:00000000 00000168H .idata$5                DATA
 0002:00000168 00000028H .00cfg                  DATA
 0002:00000190 00000030H .gfids                  DATA
 0002:000001c0 00000000H .gfids$y                DATA
 0002:000001c0 000001b8H .rdata                  DATA
 0002:00000378 00000228H .rdata$zzzdbg           DATA
 0002:000005a0 00000204H .xdata                  DATA
 0003:00000000 00000040H .data                   DATA
 0003:00000040 00000504H .bss                    DATA
 0004:00000000 00000234H .pdata                  DATA
 0005:00000000 00000ed0H PAGE                    CODE
 0005:00000ed0 00000290H PAGE$s                  CODE
 0005:00001160 00000046H PAGE$x                  CODE
 0006:00000000 00000490H INIT                    CODE
 0006:00000490 000000c0H INIT$s                  CODE
 0006:00000550 00000054H INIT$x                  CODE
 0006:000005a4 00000028H .idata$2                CODE
 0006:000005cc 00000014H .idata$3                CODE
 0006:000005e0 00000168H .idata$4                CODE
 0006:00000748 00000438H .idata$6                CODE
 0007:00000000 000005e0H INIT                    DATA
 0008:00000000 000000b0H .rsrc$01                DATA
 0008:000000b0 000003a8H .rsrc$02                DATA

  Address         Publics by Value              Rva+Base               Lib:Object

 0000:00000000       __guard_longjmp_table      0000000000000000     <absolute>
 0000:00000000       __guard_eh_cont_count      0000000000000000     <absolute>
 0000:00000000       ___safe_se_handler_table   0000000000000000     <absolute>
 0000:00000000       __x64_code_ranges_to_entry_points_count 0000000000000000     <absolute>
 0000:00000000       __arm64x_extra_rfe_table   0000000000000000     <absolute>
 0000:00000000       __hybrid_code_map_count    0000000000000000     <absolute>
 0000:00000000       __arm64x_redirection_metadata 0000000000000000     <absolute>
 0000:00000000       __guard_iat_table          0000000000000000     <absolute>
 0000:00000000       __hybrid_code_map          0000000000000000     <absolute>
 0000:00000000       __volatile_metadata        0000000000000000     <absolute>
 0000:00000000       __x64_code_ranges_to_entry_points 0000000000000000     <absolute>
 0000:00000000       __arm64x_extra_rfe_table_size 0000000000000000     <absolute>
 0000:00000000       ___safe_se_handler_count   0000000000000000     <absolute>
 0000:00000000       __guard_iat_count          0000000000000000     <absolute>
 0000:00000000       __guard_longjmp_count      0000000000000000     <absolute>
 0000:00000000       __arm64x_native_entrypoint 0000000000000000     <absolute>
 0000:00000000       __dynamic_value_reloc_table 0000000000000000     <absolute>
 0000:00000000       __guard_eh_cont_table      0000000000000000     <absolute>
 0000:00000000       __hybrid_auxiliary_iat     0000000000000000     <absolute>
 0000:00000000       __hybrid_auxiliary_iat_copy 0000000000000000     <absolute>
 0000:00000000       __enclave_config           0000000000000000     <absolute>
 0000:00000000       __arm64x_redirection_metadata_count 0000000000000000     <absolute>
 0000:00000000       __AbsoluteZero             0000000000000000     <absolute>
 0000:00000000       __guard_check_icall_a64n_fptr 0000000000000000     <absolute>
 0000:0000000c       __guard_fids_count         000000000000000c     <absolute>
 0000:00014500       __guard_flags              0000000000014500     <absolute>
 0001:00000000       InitializeListHead         0000000140001000 f i minispy.obj
 0001:00000030       RtlInitEmptyUnicodeString  0000000140001030 f i minispy.obj
 0001:00000070       SpyDeleteTxfContext        0000000140001070 f   minispy.obj
 0001:000000f0       SpyEnlistInTransaction     00000001400010f0 f   minispy.obj
 0001:00000410       SpyExceptionFilter         0000000140001410 f   minispy.obj
 0001:00000460       SpyKtmNotificationCallback 0000000140001460 f   minispy.obj
 0001:000004b0       SpyPostOperationCallback   00000001400014b0 f   minispy.obj
 0001:00000640       SpyPreOperationCallback    0000000140001640 f   minispy.obj
 0001:00000990       ExAllocateFromNPagedLookasideList 0000000140001990 f i mspyLib.obj
 0001:00000a20       ExFreeToNPagedLookasideList 0000000140001a20 f i mspyLib.obj
 0001:00000ab0       FatalListEntryError        0000000140001ab0 f i mspyLib.obj
 0001:00000ae0       InsertHeadList             0000000140001ae0 f i mspyLib.obj
 0001:00000b70       InsertTailList             0000000140001b70 f i mspyLib.obj
 0001:00000c00       IsListEmpty                0000000140001c00 f i mspyLib.obj
 0001:00000c30       RemoveHeadList             0000000140001c30 f i mspyLib.obj
 0001:00000cc0       RtlFailFast                0000000140001cc0 f i mspyLib.obj
 0001:00000cd0       RtlpCheckListEntry         0000000140001cd0 f i mspyLib.obj
 0001:00000d30       SpyAllocateBuffer          0000000140001d30 f   mspyLib.obj
 0001:00000db0       SpyEmptyOutputBufferList   0000000140001db0 f   mspyLib.obj
 0001:00000e40       SpyFreeBuffer              0000000140001e40 f   mspyLib.obj
 0001:00000e70       SpyFreeRecord              0000000140001e70 f   mspyLib.obj
 0001:00000ee0       SpyGetLog                  0000000140001ee0 f   mspyLib.obj
 0001:00001150       SpyLog                     0000000140002150 f   mspyLib.obj
 0001:000011a0       SpyLogPostOperationData    00000001400021a0 f   mspyLib.obj
 0001:00001200       SpyLogPreOperationData     0000000140002200 f   mspyLib.obj
 0001:00001390       SpyLogTransactionNotify    0000000140002390 f   mspyLib.obj
 0001:00001470       SpyNewRecord               0000000140002470 f   mspyLib.obj
 0001:00001520       SpySetRecordNameAndEcpData 0000000140002520 f   mspyLib.obj
 0001:00001670       TxNotificationToMinorCode  0000000140002670 f   mspyLib.obj
 0001:00001730       __report_gsfailure         0000000140002730 f   BufferOverflowFastFailK:gs_report.obj
 0001:00001738       __report_rangecheckfailure 0000000140002738 f   BufferOverflowFastFailK:gs_report.obj
 0001:00001750       __security_check_cookie    0000000140002750 f   BufferOverflowFastFailK:amdsecgs.obj
 0001:00001770       _guard_check_icall_nop     0000000140002770 f i BufferOverflowFastFailK:guard_check.obj
 0001:00001780       _snwprintf                 0000000140002780 f   ntoskrnl:ntoskrnl.exe
 0001:00001786       __C_specific_handler       0000000140002786 f   ntoskrnl:ntoskrnl.exe
 0001:0000178c       __GSHandlerCheck           000000014000278c f   ntoskrnl:gshandler.obj
 0001:000017ac       __GSHandlerCheckCommon     00000001400027ac f   ntoskrnl:gshandler.obj
 0001:00001820       memcmp                     0000000140002820 f   ntoskrnl:memcmp.obj
 0001:000018e7       FltRegisterFilter          00000001400028e7 f   fltMgr:FLTMGR.SYS
 0001:000018ed       FltUnregisterFilter        00000001400028ed f   fltMgr:FLTMGR.SYS
 0001:000018f3       FltStartFiltering          00000001400028f3 f   fltMgr:FLTMGR.SYS
 0001:000018f9       FltGetRoutineAddress       00000001400028f9 f   fltMgr:FLTMGR.SYS
 0001:000018ff       FltGetFileNameInformation  00000001400028ff f   fltMgr:FLTMGR.SYS
 0001:00001905       FltReleaseFileNameInformation 0000000140002905 f   fltMgr:FLTMGR.SYS
 0001:0000190b       FltParseFileNameInformation 000000014000290b f   fltMgr:FLTMGR.SYS
 0001:00001911       FltAllocateContext         0000000140002911 f   fltMgr:FLTMGR.SYS
 0001:00001917       FltDeleteContext           0000000140002917 f   fltMgr:FLTMGR.SYS
 0001:0000191d       FltReleaseContext          000000014000291d f   fltMgr:FLTMGR.SYS
 0001:00001923       FltCreateCommunicationPort 0000000140002923 f   fltMgr:FLTMGR.SYS
 0001:00001929       FltCloseCommunicationPort  0000000140002929 f   fltMgr:FLTMGR.SYS
 0001:0000192f       FltCloseClientPort         000000014000292f f   fltMgr:FLTMGR.SYS
 0001:00001935       FltBuildDefaultSecurityDescriptor 0000000140002935 f   fltMgr:FLTMGR.SYS
 0001:0000193b       FltFreeSecurityDescriptor  000000014000293b f   fltMgr:FLTMGR.SYS
 0001:00001941       FltGetDeviceObject         0000000140002941 f   fltMgr:FLTMGR.SYS
 0001:00001947       FltGetEcpListFromCallbackData 0000000140002947 f   fltMgr:FLTMGR.SYS
 0001:0000194d       FltGetNextExtraCreateParameter 000000014000294d f   fltMgr:FLTMGR.SYS
 0001:00001953       FltIsEcpFromUserMode       0000000140002953 f   fltMgr:FLTMGR.SYS
 0001:00001970       _guard_dispatch_icall_nop  0000000140002970 f   BufferOverflowFastFailK:guard_dispatch.obj
 0001:00001990       _guard_xfg_dispatch_icall_nop 0000000140002990 f   BufferOverflowFastFailK:guard_xfg_dispatch.obj
 0001:000019a0       ??_C@_1BG@DLLGGIDJ@?$AA?$DM?$AA?$CF?$AA0?$AA8?$AAx?$AA?$DO?$AA?5?$AA?$CF?$AAw?$AAZ@FNODOBFM@ 00000001400029a0     minispy.obj
 0001:000019c0       ??_C@_1GE@GOOEDKNI@?$AA?$DM?$AAN?$AAO?$AA?5?$AAN?$AAA?$AAM?$AAE?$AA?3?$AA?5?$AAN?$AAo?$AAr?$AAm?$AAa@FNODOBFM@ 00000001400029c0     minispy.obj
 0001:00001a30       ??_C@_1BE@ECKFOCEH@?$AA?$DM?$AAN?$AAO?$AA?5?$AAN?$AAA?$AAM?$AAE?$AA?$DO@FNODOBFM@ 0000000140002a30     minispy.obj
 0001:00001a50       ??_C@_1BA@GLJAAEHE@?$AA?$CF?$AAw?$AAZ?$AA?5?$AA?$CF?$AAw?$AAZ@FNODOBFM@ 0000000140002a50     mspyLib.obj
 0001:00001a60       ??_C@_17JJNMJOBL@?$AA?$CF?$AAw?$AAZ@FNODOBFM@ 0000000140002a60     mspyLib.obj
 0002:00000000       __imp_FltGetNextExtraCreateParameter 0000000140003000     fltMgr:FLTMGR.SYS
 0002:00000008       __imp_FltGetEcpListFromCallbackData 0000000140003008     fltMgr:FLTMGR.SYS
 0002:00000010       __imp_FltGetDeviceObject   0000000140003010     fltMgr:FLTMGR.SYS
 0002:00000018       __imp_FltFreeSecurityDescriptor 0000000140003018     fltMgr:FLTMGR.SYS
 0002:00000020       __imp_FltBuildDefaultSecurityDescriptor 0000000140003020     fltMgr:FLTMGR.SYS
 0002:00000028       __imp_FltCloseClientPort   0000000140003028     fltMgr:FLTMGR.SYS
 0002:00000030       __imp_FltCloseCommunicationPort 0000000140003030     fltMgr:FLTMGR.SYS
 0002:00000038       __imp_FltCreateCommunicationPort 0000000140003038     fltMgr:FLTMGR.SYS
 0002:00000040       __imp_FltReleaseContext    0000000140003040     fltMgr:FLTMGR.SYS
 0002:00000048       __imp_FltDeleteContext     0000000140003048     fltMgr:FLTMGR.SYS
 0002:00000050       __imp_FltAllocateContext   0000000140003050     fltMgr:FLTMGR.SYS
 0002:00000058       __imp_FltParseFileNameInformation 0000000140003058     fltMgr:FLTMGR.SYS
 0002:00000060       __imp_FltReleaseFileNameInformation 0000000140003060     fltMgr:FLTMGR.SYS
 0002:00000068       __imp_FltGetFileNameInformation 0000000140003068     fltMgr:FLTMGR.SYS
 0002:00000070       __imp_FltGetRoutineAddress 0000000140003070     fltMgr:FLTMGR.SYS
 0002:00000078       __imp_FltStartFiltering    0000000140003078     fltMgr:FLTMGR.SYS
 0002:00000080       __imp_FltUnregisterFilter  0000000140003080     fltMgr:FLTMGR.SYS
 0002:00000088       __imp_FltRegisterFilter    0000000140003088     fltMgr:FLTMGR.SYS
 0002:00000090       __imp_FltIsEcpFromUserMode 0000000140003090     fltMgr:FLTMGR.SYS
 0002:00000098       \177FLTMGR_NULL_THUNK_DATA 0000000140003098     fltMgr:FLTMGR.SYS
 0002:000000a0       __imp_PsGetCurrentProcessId 00000001400030a0     ntoskrnl:ntoskrnl.exe
 0002:000000a8       __imp_ZwQueryValueKey      00000001400030a8     ntoskrnl:ntoskrnl.exe
 0002:000000b0       __imp_RtlIpv4AddressToStringExA 00000001400030b0     ntoskrnl:ntoskrnl.exe
 0002:000000b8       __imp_RtlIpv6AddressToStringExA 00000001400030b8     ntoskrnl:ntoskrnl.exe
 0002:000000c0       __imp_ZwOpenKey            00000001400030c0     ntoskrnl:ntoskrnl.exe
 0002:000000c8       __imp_ZwClose              00000001400030c8     ntoskrnl:ntoskrnl.exe
 0002:000000d0       __imp_ObfDereferenceObject 00000001400030d0     ntoskrnl:ntoskrnl.exe
 0002:000000d8       __imp_ExpInterlockedPushEntrySList 00000001400030d8     ntoskrnl:ntoskrnl.exe
 0002:000000e0       __imp_ExpInterlockedPopEntrySList 00000001400030e0     ntoskrnl:ntoskrnl.exe
 0002:000000e8       __imp_ExQueryDepthSList    00000001400030e8     ntoskrnl:ntoskrnl.exe
 0002:000000f0       __imp_KeReleaseSpinLock    00000001400030f0     ntoskrnl:ntoskrnl.exe
 0002:000000f8       __imp_KeAcquireSpinLockRaiseToDpc 00000001400030f8     ntoskrnl:ntoskrnl.exe
 0002:00000100       __imp_RtlStringFromGUID    0000000140003100     ntoskrnl:ntoskrnl.exe
 0002:00000108       __imp_RtlFreeUnicodeString 0000000140003108     ntoskrnl:ntoskrnl.exe
 0002:00000110       __imp___C_specific_handler 0000000140003110     ntoskrnl:ntoskrnl.exe
 0002:00000118       __imp__snwprintf           0000000140003118     ntoskrnl:ntoskrnl.exe
 0002:00000120       __imp_FsRtlIsNtstatusExpected 0000000140003120     ntoskrnl:ntoskrnl.exe
 0002:00000128       __imp_IoIs32bitProcess     0000000140003128     ntoskrnl:ntoskrnl.exe
 0002:00000130       __imp_ExDeleteNPagedLookasideList 0000000140003130     ntoskrnl:ntoskrnl.exe
 0002:00000138       __imp_ExInitializeNPagedLookasideList 0000000140003138     ntoskrnl:ntoskrnl.exe
 0002:00000140       __imp_KeInitializeSpinLock 0000000140003140     ntoskrnl:ntoskrnl.exe
 0002:00000148       __imp_KeGetCurrentIrql     0000000140003148     ntoskrnl:ntoskrnl.exe
 0002:00000150       __imp_PsGetCurrentThreadId 0000000140003150     ntoskrnl:ntoskrnl.exe
 0002:00000158       __imp_RtlInitUnicodeString 0000000140003158     ntoskrnl:ntoskrnl.exe
 0002:00000160       \177ntoskrnl_NULL_THUNK_DATA 0000000140003160     ntoskrnl:ntoskrnl.exe
 0002:00000168       __guard_check_icall_fptr   0000000140003168     BufferOverflowFastFailK:guard_support.obj
 0002:00000170       __guard_dispatch_icall_fptr 0000000140003170     BufferOverflowFastFailK:guard_support.obj
 0002:00000178       __guard_xfg_check_icall_fptr 0000000140003178     BufferOverflowFastFailK:guard_support.obj
 0002:00000180       __guard_xfg_dispatch_icall_fptr 0000000140003180     BufferOverflowFastFailK:guard_support.obj
 0002:00000188       __guard_xfg_table_dispatch_icall_fptr 0000000140003188     BufferOverflowFastFailK:guard_support.obj
 0002:00000190       __guard_fids_table         0000000140003190     <linker-defined>
 0002:000001c0       GUID_ECP_OPLOCK_KEY        00000001400031c0     mspyLib.obj
 0002:000001d0       GUID_ECP_PREFETCH_OPEN     00000001400031d0     mspyLib.obj
 0002:000001e0       GUID_ECP_NFS_OPEN          00000001400031e0     mspyLib.obj
 0002:000001f0       GUID_ECP_SRV_OPEN          00000001400031f0     mspyLib.obj
 0002:00000240       _load_config_used          0000000140003240     BufferOverflowFastFailK:loadcfg.obj
 0003:00000010       __security_cookie          0000000140004010     BufferOverflowFastFailK:gs_support.obj
 0003:00000018       __security_cookie_complement 0000000140004018     BufferOverflowFastFailK:gs_support.obj
 0003:00000040       MiniSpyData                0000000140004040     minispy.obj
 0003:00000540       StatusToBreakOn            0000000140004540     minispy.obj
 0005:00000000       SpyConnect                 0000000140006000 f   minispy.obj
 0005:000000a0       SpyDisconnect              00000001400060a0 f   minispy.obj
 0005:00000100       SpyFilterUnload            0000000140006100 f   minispy.obj
 0005:00000180       SpyMessage                 0000000140006180 f   minispy.obj
 0005:00000340       SpyQueryTeardown           0000000140006340 f   minispy.obj
 0005:00000390       SpyBuildEcpDataString      0000000140006390 f   mspyLib.obj
 0005:00000c10       SpyParseEcps               0000000140006c10 f   mspyLib.obj
 0005:00000ed0       ??_C@_1BE@BEIFHMBJ@?$AA?$FL?$AA?$CF?$AAd?$AA?5?$AAE?$AAC?$AAP?$AAs?$AA?3@NNGAKEGL@ 0000000140006ed0     mspyLib.obj
 0005:00000ef0       ??_C@_1CI@EAGFGNMG@?$AA?$CF?$AAs?$AA?5?$AAO?$AAP?$AAL?$AAO?$AAC?$AAK?$AA?5?$AAK?$AAE?$AAY?$AA?3?$AA?5@NNGAKEGL@ 0000000140006ef0     mspyLib.obj
 0005:00000f20       ??_C@_1CO@IBCLHBAL@?$AA?$CF?$AAs?$AA?5?$AAI?$AAN?$AAV?$AAA?$AAL?$AAI?$AAD?$AA?5?$AAO?$AAP?$AAL?$AAO@NNGAKEGL@ 0000000140006f20     mspyLib.obj
 0005:00000f50       ??_C@_1DA@EMBHPAKK@?$AA?$CF?$AAs?$AA?5?$AAN?$AAF?$AAS?$AA?5?$AAS?$AAH?$AAA?$AAR?$AAE?$AA?5?$AAN?$AAA@NNGAKEGL@ 0000000140006f50     mspyLib.obj
 0005:00000f80       ??_C@_1DA@MICJNEMM@?$AA?$CF?$AAs?$AA?5?$AAN?$AAF?$AAS?$AA?5?$AAS?$AAO?$AAC?$AAK?$AAE?$AAT?$AA?5?$AAA@NNGAKEGL@ 0000000140006f80     mspyLib.obj
 0005:00000fb0       ??_C@_1DI@CIFPBNLA@?$AA?$CF?$AAs?$AA?5?$AAN?$AAF?$AAS?$AA?5?$AAI?$AAN?$AAV?$AAA?$AAL?$AAI?$AAD?$AA?5@NNGAKEGL@ 0000000140006fb0     mspyLib.obj
 0005:00000ff0       ??_C@_1DA@OMKIHAGO@?$AA?$CF?$AAs?$AA?5?$AAS?$AAR?$AAV?$AA?5?$AAS?$AAH?$AAA?$AAR?$AAE?$AA?5?$AAN?$AAA@NNGAKEGL@ 0000000140006ff0     mspyLib.obj
 0005:00001020       ??_C@_1DA@GIJGFEAI@?$AA?$CF?$AAs?$AA?5?$AAS?$AAR?$AAV?$AA?5?$AAS?$AAO?$AAC?$AAK?$AAE?$AAT?$AA?5?$AAA@NNGAKEGL@ 0000000140007020     mspyLib.obj
 0005:00001050       ??_C@_1DI@MFBOIALJ@?$AA?$CF?$AAs?$AA?5?$AAS?$AAR?$AAV?$AA?5?$AAI?$AAN?$AAV?$AAA?$AAL?$AAI?$AAD?$AA?5@NNGAKEGL@ 0000000140007050     mspyLib.obj
 0005:00001090       ??_C@_13GAMECHAC@?$AAF@NNGAKEGL@ 0000000140007090     mspyLib.obj
 0005:000010a0       ??_C@_13IMODFHAA@?$AA?9@NNGAKEGL@ 00000001400070a0     mspyLib.obj
 0005:000010b0       ??_C@_13PNBDBPLL@?$AAA@NNGAKEGL@ 00000001400070b0     mspyLib.obj
 0005:000010c0       ??_C@_13OPKGLAFF@?$AAB@NNGAKEGL@ 00000001400070c0     mspyLib.obj
 0005:000010d0       ??_C@_1CM@OOEAPBPF@?$AA?$CF?$AAs?$AA?5?$AAS?$AAR?$AAV?$AA?5?$AAF?$AAL?$AAA?$AAG?$AAS?$AA?3?$AA?5?$AA?$CF@NNGAKEGL@ 00000001400070d0     mspyLib.obj
 0005:00001100       ??_C@_1BK@LHDLIODC@?$AA?$CF?$AAs?$AA?5?$AAP?$AAR?$AAE?$AAF?$AAE?$AAT?$AAC?$AAH?$AA?$DL@NNGAKEGL@ 0000000140007100     mspyLib.obj
 0005:00001120       ??_C@_1CI@LNFBFLOO@?$AA?$CF?$AAs?$AA?5?$AA?$CF?$AAd?$AA?5?$AAu?$AAn?$AAk?$AAn?$AAo?$AAw?$AAn?$AA?5?$AAE@NNGAKEGL@ 0000000140007120     mspyLib.obj
 0005:00001150       ??_C@_17JPJKOELE@?$AA?$CF?$AAs?$AA?$FN@NNGAKEGL@ 0000000140007150     mspyLib.obj
 0006:00000000       DriverEntry                0000000140008000 f   minispy.obj
 0006:00000240       SpyReadDriverParameters    0000000140008240 f   mspyLib.obj
 0006:00000430       GsDriverEntry              0000000140008430 f   BufferOverflowFastFailK:gs_driverentry.obj
 0006:0000045c       __security_init_cookie     000000014000845c f   BufferOverflowFastFailK:gs_support.obj
 0006:00000490       ??_C@_0BJ@PEGHOHFM@FltSetTransactionContext@PBOPGDP@ 0000000140008490     minispy.obj
 0006:000004b0       ??_C@_0BJ@BDBDOBN@FltGetTransactionContext@PBOPGDP@ 00000001400084b0     minispy.obj
 0006:000004d0       ??_C@_0BH@NBIOBFIH@FltEnlistInTransaction@PBOPGDP@ 00000001400084d0     minispy.obj
 0006:000004f0       ??_C@_1BK@DICPLIGM@?$AA?2?$AAM?$AAi?$AAn?$AAi?$AAS?$AAp?$AAy?$AAP?$AAo?$AAr?$AAt@PBOPGDP@ 00000001400084f0     minispy.obj
 0006:00000510       ??_C@_1BG@MHDFHEJC@?$AAM?$AAa?$AAx?$AAR?$AAe?$AAc?$AAo?$AAr?$AAd?$AAs@PBOPGDP@ 0000000140008510     mspyLib.obj
 0006:00000530       ??_C@_1CA@GONDOMMD@?$AAN?$AAa?$AAm?$AAe?$AAQ?$AAu?$AAe?$AAr?$AAy?$AAM?$AAe?$AAt?$AAh?$AAo?$AAd@PBOPGDP@ 0000000140008530     mspyLib.obj
 0006:000005a4       __IMPORT_DESCRIPTOR_ntoskrnl 00000001400085a4     ntoskrnl:ntoskrnl.exe
 0006:000005b8       __IMPORT_DESCRIPTOR_FLTMGR 00000001400085b8     fltMgr:FLTMGR.SYS
 0006:000005cc       __NULL_IMPORT_DESCRIPTOR   00000001400085cc     ntoskrnl:ntoskrnl.exe
 0007:00000000       Contexts                   0000000140009000     RegistrationData.obj
 0007:00000070       FilterRegistration         0000000140009070     RegistrationData.obj
 0007:000000e0       Callbacks                  00000001400090e0     RegistrationData.obj

 entry point at        0006:00000430

 Static symbols

 0002:ffffd000       __guard_fids__             0000000140000000     RegistrationData.obj
 0002:ffffd000       __guard_fids_DriverEntry   0000000140000000     minispy.obj
 0002:ffffd000       __guard_fids__             0000000140000000     BufferOverflowFastFailK:guard_support.obj
 0002:ffffd000       __guard_fids__             0000000140000000     BufferOverflowFastFailK:guard_support.obj
 0002:ffffd000       __guard_fids__guard_icall_checks_enforced 0000000140000000     BufferOverflowFastFailK:guard_support.obj
 0000:ffff4000       .debug$S                   0000000140000000     fltMgr:FLTMGR.SYS
 0000:ffff4000       .debug$S                   0000000140000000     fltMgr:FLTMGR.SYS
 0000:ffff4000       .debug$S                   0000000140000000     fltMgr:FLTMGR.SYS
 0000:ffff4000       .debug$S                   0000000140000000     fltMgr:FLTMGR.SYS
 0000:ffff4000       .debug$S                   0000000140000000     fltMgr:FLTMGR.SYS
 0000:ffff4000       .debug$S                   0000000140000000     fltMgr:FLTMGR.SYS
 0000:ffff4000       .debug$S                   0000000140000000     fltMgr:FLTMGR.SYS
 0000:ffff4000       .debug$S                   0000000140000000     fltMgr:FLTMGR.SYS
 0000:ffff4000       .debug$S                   0000000140000000     fltMgr:FLTMGR.SYS
 0000:ffff4000       .debug$S                   0000000140000000     fltMgr:FLTMGR.SYS
 0000:ffff4000       .debug$S                   0000000140000000     fltMgr:FLTMGR.SYS
 0000:ffff4000       .debug$S                   0000000140000000     fltMgr:FLTMGR.SYS
 0000:ffff4000       .debug$S                   0000000140000000     fltMgr:FLTMGR.SYS
 0000:ffff4000       .debug$S                   0000000140000000     fltMgr:FLTMGR.SYS
 0000:ffff4000       .debug$S                   0000000140000000     fltMgr:FLTMGR.SYS
 0000:ffff4000       .debug$S                   0000000140000000     fltMgr:FLTMGR.SYS
 0000:ffff4000       .debug$S                   0000000140000000     fltMgr:FLTMGR.SYS
 0000:ffff4000       .debug$S                   0000000140000000     fltMgr:FLTMGR.SYS
 0000:ffff4000       .debug$S                   0000000140000000     fltMgr:FLTMGR.SYS
 0000:ffff4000       .debug$S                   0000000140000000     ntoskrnl:ntoskrnl.exe
 0000:ffff4000       .debug$S                   0000000140000000     ntoskrnl:ntoskrnl.exe
 0000:ffff4000       .debug$S                   0000000140000000     ntoskrnl:ntoskrnl.exe
 0000:ffff4000       .debug$S                   0000000140000000     ntoskrnl:ntoskrnl.exe
 0000:ffff4000       .debug$S                   0000000140000000     ntoskrnl:ntoskrnl.exe
 0000:ffff4000       .debug$S                   0000000140000000     ntoskrnl:ntoskrnl.exe
 0000:ffff4000       .debug$S                   0000000140000000     ntoskrnl:ntoskrnl.exe
 0000:ffff4000       .debug$S                   0000000140000000     ntoskrnl:ntoskrnl.exe
 0000:ffff4000       .debug$S                   0000000140000000     ntoskrnl:ntoskrnl.exe
 0000:ffff4000       .debug$S                   0000000140000000     ntoskrnl:ntoskrnl.exe
 0000:ffff4000       .debug$S                   0000000140000000     ntoskrnl:ntoskrnl.exe
 0000:ffff4000       .debug$S                   0000000140000000     ntoskrnl:ntoskrnl.exe
 0000:ffff4000       .debug$S                   0000000140000000     ntoskrnl:ntoskrnl.exe
 0000:ffff4000       .debug$S                   0000000140000000     ntoskrnl:ntoskrnl.exe
 0000:ffff4000       .debug$S                   0000000140000000     ntoskrnl:ntoskrnl.exe
 0000:ffff4000       .debug$S                   0000000140000000     ntoskrnl:ntoskrnl.exe
 0000:ffff4000       .debug$S                   0000000140000000     ntoskrnl:ntoskrnl.exe
 0000:ffff4000       .debug$S                   0000000140000000     ntoskrnl:ntoskrnl.exe
 0000:ffff4000       .debug$S                   0000000140000000     ntoskrnl:ntoskrnl.exe
 0000:ffff4000       .debug$S                   0000000140000000     ntoskrnl:ntoskrnl.exe
 0000:ffff4000       .debug$S                   0000000140000000     ntoskrnl:ntoskrnl.exe
 0000:ffff4000       .debug$S                   0000000140000000     ntoskrnl:ntoskrnl.exe
 0000:ffff4000       .debug$S                   0000000140000000     ntoskrnl:ntoskrnl.exe
 0000:ffff4000       .debug$S                   0000000140000000     ntoskrnl:ntoskrnl.exe
 0002:ffffd00c       __guard_fids__             000000014000000c     RegistrationData.obj
 0002:ffffd140       __guard_fids__             0000000140000140     RegistrationData.obj
 0001:00001740       $$000000                   0000000140002740     BufferOverflowFastFailK:amdsecgs.obj
 0001:00001810       $$000000                   0000000140002810     ntoskrnl:memcmp.obj
 0001:00001960       $$000000                   0000000140002960     BufferOverflowFastFailK:guard_dispatch.obj
 0001:00001980       $$000000                   0000000140002980     BufferOverflowFastFailK:guard_xfg_dispatch.obj
 0001:00001a70       SpyGetLog$filt$0           0000000140002a70 f   mspyLib.obj
 0002:000005a0       $unwind$RtlInitEmptyUnicodeString 00000001400035a0     minispy.obj
 0002:000005ac       $unwind$SpyPreOperationCallback 00000001400035ac     minispy.obj
 0002:000005c0       $unwind$SpyPostOperationCallback 00000001400035c0     minispy.obj
 0002:000005d0       $unwind$SpyKtmNotificationCallback 00000001400035d0     minispy.obj
 0002:000005dc       $unwind$SpyFilterUnload    00000001400035dc     minispy.obj
 0002:000005e8       $unwind$SpyExceptionFilter 00000001400035e8     minispy.obj
 0002:000005e8       $unwind$SpyQueryTeardown   00000001400035e8     minispy.obj
 0002:000005f4       $unwind$SpyDeleteTxfContext 00000001400035f4     minispy.obj
 0002:000005f4       $unwind$SpyLogPostOperationData 00000001400035f4     mspyLib.obj
 0002:00000600       $unwind$DriverEntry        0000000140003600     minispy.obj
 0002:00000624       $unwind$DriverEntry$fin$0  0000000140003624     minispy.obj
 0002:00000630       $unwind$SpyMessage         0000000140003630     minispy.obj
 0002:00000664       $unwind$SpyMessage$filt$0  0000000140003664     minispy.obj
 0002:00000664       $unwind$SpyMessage$filt$1  0000000140003664     minispy.obj
 0002:00000664       $unwind$SpyGetLog$filt$0   0000000140003664     mspyLib.obj
 0002:00000670       $unwind$SpyConnect         0000000140003670     minispy.obj
 0002:0000067c       $unwind$SpyDisconnect      000000014000367c     minispy.obj
 0002:0000067c       $unwind$ExAllocateFromNPagedLookasideList 000000014000367c     mspyLib.obj
 0002:0000067c       $unwind$RemoveHeadList     000000014000367c     mspyLib.obj
 0002:0000067c       $unwind$SpyAllocateBuffer  000000014000367c     mspyLib.obj
 0002:0000067c       $unwind$SpyFreeRecord      000000014000367c     mspyLib.obj
 0002:0000067c       $unwind$SpyLog             000000014000367c     mspyLib.obj
 0002:00000688       $unwind$SpyEnlistInTransaction 0000000140003688     minispy.obj
 0002:00000698       $unwind$IsListEmpty        0000000140003698     mspyLib.obj
 0002:000006a4       $unwind$FatalListEntryError 00000001400036a4     mspyLib.obj
 0002:000006b0       $unwind$RtlpCheckListEntry 00000001400036b0     mspyLib.obj
 0002:000006b0       $unwind$SpyFreeBuffer      00000001400036b0     mspyLib.obj
 0002:000006bc       $unwind$ExFreeToNPagedLookasideList 00000001400036bc     mspyLib.obj
 0002:000006bc       $unwind$InsertHeadList     00000001400036bc     mspyLib.obj
 0002:000006bc       $unwind$InsertTailList     00000001400036bc     mspyLib.obj
 0002:000006c8       $unwind$SpyReadDriverParameters 00000001400036c8     mspyLib.obj
 0002:000006dc       $unwind$SpyNewRecord       00000001400036dc     mspyLib.obj
 0002:000006e8       $unwind$SpyParseEcps       00000001400036e8     mspyLib.obj
 0002:00000700       $unwind$SpyBuildEcpDataString 0000000140003700     mspyLib.obj
 0002:00000714       $unwind$SpySetRecordNameAndEcpData 0000000140003714     mspyLib.obj
 0002:00000720       $unwind$SpyLogPreOperationData 0000000140003720     mspyLib.obj
 0002:00000720       $unwind$SpyLogTransactionNotify 0000000140003720     mspyLib.obj
 0002:0000072c       $unwind$SpyGetLog          000000014000372c     mspyLib.obj
 0002:00000754       $unwind$SpyEmptyOutputBufferList 0000000140003754     mspyLib.obj
 0002:00000760       $unwind$TxNotificationToMinorCode 0000000140003760     mspyLib.obj
 0002:0000076c       $unwind$GsDriverEntry      000000014000376c     BufferOverflowFastFailK:gs_driverentry.obj
 0002:00000780       $xdatasym                  0000000140003780     BufferOverflowFastFailK:amdsecgs.obj
 0002:00000788       $xdatasym                  0000000140003788     BufferOverflowFastFailK:guard_dispatch.obj
 0002:00000790       $xdatasym                  0000000140003790     BufferOverflowFastFailK:guard_xfg_dispatch.obj
 0002:00000794       $unwind$__GSHandlerCheck   0000000140003794     ntoskrnl:gshandler.obj
 0002:00000794       $unwind$__GSHandlerCheckCommon 0000000140003794     ntoskrnl:gshandler.obj
 0002:000007a0       $xdatasym                  00000001400037a0     ntoskrnl:memcmp.obj
 0003:00000000       ?Sequence@?1??SpyEnlistInTransaction@@9@9 0000000140004000     minispy.obj
 0005:00001160       SpyMessage$filt$0          0000000140007160 f   minispy.obj
 0005:00001183       SpyMessage$filt$1          0000000140007183 f   minispy.obj
 0006:00000550       DriverEntry$fin$0          0000000140008550 f   minispy.obj
 0006:00000978       .idata$6                   0000000140008978     ntoskrnl:ntoskrnl.exe
 0006:00000b74       .idata$6                   0000000140008b74     fltMgr:FLTMGR.SYS
 0008:000000b0       $R000000                   000000014000a0b0     minispy.res
 0008:000000e8       $R000038                   000000014000a0e8     minispy.res
